Archive member included to satisfy reference by file (symbol)

/opt/riscv32/lib/gcc/riscv32-unknown-elf/11.1.0/libgcc.a(div.o)
                              build/print.o (__udivsi3)

Discarded input sections

 .debug_line    0x0000000000000000      0x153 /opt/riscv32/lib/gcc/riscv32-unknown-elf/11.1.0/libgcc.a(div.o)
 .debug_line_str
                0x0000000000000000       0x60 /opt/riscv32/lib/gcc/riscv32-unknown-elf/11.1.0/libgcc.a(div.o)
 .debug_info    0x0000000000000000       0x25 /opt/riscv32/lib/gcc/riscv32-unknown-elf/11.1.0/libgcc.a(div.o)
 .debug_abbrev  0x0000000000000000       0x14 /opt/riscv32/lib/gcc/riscv32-unknown-elf/11.1.0/libgcc.a(div.o)
 .debug_aranges
                0x0000000000000000       0x20 /opt/riscv32/lib/gcc/riscv32-unknown-elf/11.1.0/libgcc.a(div.o)
 .debug_str     0x0000000000000000       0x7b /opt/riscv32/lib/gcc/riscv32-unknown-elf/11.1.0/libgcc.a(div.o)

Memory Configuration

Name             Origin             Length             Attributes
*default*        0x0000000000000000 0xffffffffffffffff

Linker script and memory map

LOAD build/print.o
LOAD build/XodHwCoupeling.o
LOAD build/Xoodyak.o
LOAD build/firmware.o
LOAD build/start.o

.memory         0x0000000000000000      0x90c
                0x0000000000000000                . = 0x0
 *(.init)
 .init          0x0000000000000000       0x9c build/start.o
                0x000000000000008c                esns_nop
                0x0000000000000094                hard_mul
 *(.text)
 .text          0x000000000000009c       0xdc build/print.o
                0x000000000000009c                print_chr
                0x00000000000000a8                print_str
                0x00000000000000c4                print_dec
                0x0000000000000144                print_hex
 .text          0x0000000000000178       0x68 build/XodHwCoupeling.o
                0x0000000000000178                roundHWSW_reg
 .text          0x00000000000001e0      0x4b8 build/Xoodyak.o
                0x00000000000001e0                CreateEmptyXoodooState
                0x0000000000000218                Xoodoo_VectorToState
                0x0000000000000270                Xoodoo_StateToVector
                0x00000000000002c8                Xoodoo_xorStates
                0x00000000000003c4                Xoodoo_Permute
                0x000000000000052c                cyclist_initialise_hash
                0x0000000000000568                cyclist_absorb
                0x0000000000000608                cyclist_squeeze
 .text          0x0000000000000698       0x24 build/firmware.o
                0x0000000000000698                memcpy
 .text          0x00000000000006bc        0x0 build/start.o
 .text          0x00000000000006bc       0xb4 /opt/riscv32/lib/gcc/riscv32-unknown-elf/11.1.0/libgcc.a(div.o)
                0x00000000000006bc                __divsi3
                0x00000000000006c4                __udivsi3
                0x000000000000070c                __umodsi3
                0x0000000000000740                __modsi3
 *(*)
 .data          0x0000000000000770        0x0 build/print.o
 .bss           0x0000000000000770        0x0 build/print.o
 .rodata.str1.4
                0x0000000000000770       0x11 build/print.o
 .comment       0x0000000000000781       0x1b build/print.o
                                         0x1c (size before relaxing)
 .riscv.attributes
                0x000000000000079c       0x1c build/print.o
 .data          0x00000000000007b8        0x0 build/XodHwCoupeling.o
 .bss           0x00000000000007b8        0x0 build/XodHwCoupeling.o
 .comment       0x00000000000007b8       0x1c build/XodHwCoupeling.o
 .riscv.attributes
                0x00000000000007b8       0x1c build/XodHwCoupeling.o
 .data          0x00000000000007d4        0x0 build/Xoodyak.o
 .bss           0x00000000000007d4        0x0 build/Xoodyak.o
 .rodata.str1.4
                0x00000000000007d4        0x5 build/Xoodyak.o
 .comment       0x00000000000007d9       0x1c build/Xoodyak.o
 .riscv.attributes
                0x00000000000007d9       0x1c build/Xoodyak.o
 .data          0x00000000000007f5        0x0 build/firmware.o
 .bss           0x00000000000007f5        0x0 build/firmware.o
 *fill*         0x00000000000007f5        0x3 
 .rodata.str1.4
                0x00000000000007f8        0xe build/firmware.o
 *fill*         0x0000000000000806        0x2 
 .text.startup  0x0000000000000808       0xa8 build/firmware.o
                0x0000000000000808                main
 .comment       0x00000000000008b0       0x1c build/firmware.o
 .riscv.attributes
                0x00000000000008b0       0x1c build/firmware.o
 .data          0x00000000000008cc        0x0 build/start.o
 .bss           0x00000000000008cc        0x0 build/start.o
 .riscv.attributes
                0x00000000000008cc       0x1f build/start.o
 .data          0x00000000000008eb        0x0 /opt/riscv32/lib/gcc/riscv32-unknown-elf/11.1.0/libgcc.a(div.o)
 .bss           0x00000000000008eb        0x0 /opt/riscv32/lib/gcc/riscv32-unknown-elf/11.1.0/libgcc.a(div.o)
 .riscv.attributes
                0x00000000000008eb       0x1f /opt/riscv32/lib/gcc/riscv32-unknown-elf/11.1.0/libgcc.a(div.o)
                0x000000000000090c                . = ALIGN (0x4)
 *fill*         0x000000000000090a        0x2 
                0x000000000000090c                end = .
LOAD /opt/riscv32/lib/gcc/riscv32-unknown-elf/11.1.0/libgcc.a
OUTPUT(firmware.elf elf32-littleriscv)
