Archive member included to satisfy reference by file (symbol)

/opt/riscv32/lib/gcc/riscv32-unknown-elf/11.1.0/libgcc.a(div.o)
                              build/print.o (__udivsi3)

Discarded input sections

 .debug_line    0x0000000000000000      0x153 /opt/riscv32/lib/gcc/riscv32-unknown-elf/11.1.0/libgcc.a(div.o)
 .debug_line_str
                0x0000000000000000       0x9d /opt/riscv32/lib/gcc/riscv32-unknown-elf/11.1.0/libgcc.a(div.o)
 .debug_info    0x0000000000000000       0x25 /opt/riscv32/lib/gcc/riscv32-unknown-elf/11.1.0/libgcc.a(div.o)
 .debug_abbrev  0x0000000000000000       0x14 /opt/riscv32/lib/gcc/riscv32-unknown-elf/11.1.0/libgcc.a(div.o)
 .debug_aranges
                0x0000000000000000       0x20 /opt/riscv32/lib/gcc/riscv32-unknown-elf/11.1.0/libgcc.a(div.o)
 .debug_str     0x0000000000000000       0xa3 /opt/riscv32/lib/gcc/riscv32-unknown-elf/11.1.0/libgcc.a(div.o)

Memory Configuration

Name             Origin             Length             Attributes
*default*        0x0000000000000000 0xffffffffffffffff

Linker script and memory map

LOAD build/XodHwCoupeling.o
LOAD build/Xoodyak.o
LOAD build/firmware.o
LOAD build/print.o
LOAD build/start.o

.memory         0x0000000000000000      0x984
                0x0000000000000000                . = 0x0
 *(.init)
 .init          0x0000000000000000       0x9c build/start.o
                0x000000000000008c                esns_nop
                0x0000000000000094                hard_mul
 *(.text)
 .text          0x000000000000009c       0xe4 build/XodHwCoupeling.o
                0x000000000000009c                roundHWSW_reg
 .text          0x0000000000000180      0x4ac build/Xoodyak.o
                0x0000000000000180                CreateEmptyXoodooState
                0x00000000000001b8                Xoodoo_VectorToState
                0x0000000000000210                Xoodoo_StateToVector
                0x0000000000000268                Xoodoo_xorStates
                0x0000000000000364                Xoodoo_Permute
                0x00000000000004c0                cyclist_initialise_hash
                0x00000000000004fc                cyclist_absorb
                0x000000000000059c                cyclist_squeeze
 .text          0x000000000000062c       0x24 build/firmware.o
                0x000000000000062c                memcpy
 .text          0x0000000000000650       0xe0 build/print.o
                0x0000000000000650                print_chr
                0x000000000000065c                print_str
                0x0000000000000678                print_dec
                0x00000000000006f8                print_hex
 .text          0x0000000000000730        0x0 build/start.o
 .text          0x0000000000000730       0xb4 /opt/riscv32/lib/gcc/riscv32-unknown-elf/11.1.0/libgcc.a(div.o)
                0x0000000000000730                __divsi3
                0x0000000000000738                __udivsi3
                0x0000000000000780                __umodsi3
                0x00000000000007b4                __modsi3
 *(*)
 .data          0x00000000000007e4        0x0 build/XodHwCoupeling.o
 .bss           0x00000000000007e4        0x0 build/XodHwCoupeling.o
 .comment       0x00000000000007e4       0x10 build/XodHwCoupeling.o
                                         0x11 (size before relaxing)
 .riscv.attributes
                0x00000000000007f4       0x1c build/XodHwCoupeling.o
 .data          0x0000000000000810        0x0 build/Xoodyak.o
 .bss           0x0000000000000810        0x0 build/Xoodyak.o
 .comment       0x0000000000000810       0x11 build/Xoodyak.o
 .riscv.attributes
                0x0000000000000810       0x1c build/Xoodyak.o
 .data          0x000000000000082c        0x0 build/firmware.o
 .bss           0x000000000000082c        0x0 build/firmware.o
 .rodata.str1.4
                0x000000000000082c        0xe build/firmware.o
 *fill*         0x000000000000083a        0x2 
 .text.startup  0x000000000000083c       0xc0 build/firmware.o
                0x000000000000083c                main
 .comment       0x00000000000008fc       0x11 build/firmware.o
 .riscv.attributes
                0x00000000000008fc       0x1c build/firmware.o
 .data          0x0000000000000918        0x0 build/print.o
 .bss           0x0000000000000918        0x0 build/print.o
 .rodata.str1.4
                0x0000000000000918       0x11 build/print.o
 .comment       0x0000000000000929       0x11 build/print.o
 .riscv.attributes
                0x0000000000000929       0x1c build/print.o
 .data          0x0000000000000945        0x0 build/start.o
 .bss           0x0000000000000945        0x0 build/start.o
 .riscv.attributes
                0x0000000000000945       0x1f build/start.o
 .data          0x0000000000000964        0x0 /opt/riscv32/lib/gcc/riscv32-unknown-elf/11.1.0/libgcc.a(div.o)
 .bss           0x0000000000000964        0x0 /opt/riscv32/lib/gcc/riscv32-unknown-elf/11.1.0/libgcc.a(div.o)
 .riscv.attributes
                0x0000000000000964       0x1f /opt/riscv32/lib/gcc/riscv32-unknown-elf/11.1.0/libgcc.a(div.o)
                0x0000000000000984                . = ALIGN (0x4)
 *fill*         0x0000000000000983        0x1 
                0x0000000000000984                end = .
LOAD /opt/riscv32/lib/gcc/riscv32-unknown-elf/11.1.0/libgcc.a
OUTPUT(firmware.elf elf32-littleriscv)
