Archive member included to satisfy reference by file (symbol)

/opt/riscv32/lib/gcc/riscv32-unknown-elf/11.1.0/libgcc.a(div.o)
                              build/print.o (__udivsi3)

Discarded input sections

 .debug_line    0x0000000000000000      0x153 /opt/riscv32/lib/gcc/riscv32-unknown-elf/11.1.0/libgcc.a(div.o)
 .debug_line_str
                0x0000000000000000       0x9d /opt/riscv32/lib/gcc/riscv32-unknown-elf/11.1.0/libgcc.a(div.o)
 .debug_info    0x0000000000000000       0x25 /opt/riscv32/lib/gcc/riscv32-unknown-elf/11.1.0/libgcc.a(div.o)
 .debug_abbrev  0x0000000000000000       0x14 /opt/riscv32/lib/gcc/riscv32-unknown-elf/11.1.0/libgcc.a(div.o)
 .debug_aranges
                0x0000000000000000       0x20 /opt/riscv32/lib/gcc/riscv32-unknown-elf/11.1.0/libgcc.a(div.o)
 .debug_str     0x0000000000000000       0xa3 /opt/riscv32/lib/gcc/riscv32-unknown-elf/11.1.0/libgcc.a(div.o)

Memory Configuration

Name             Origin             Length             Attributes
*default*        0x0000000000000000 0xffffffffffffffff

Linker script and memory map

LOAD build/XodHwCoupeling.o
LOAD build/Xoodyak.o
LOAD build/firmware.o
LOAD build/print.o
LOAD build/start.o

.memory         0x0000000000000000      0x8fc
                0x0000000000000000                . = 0x0
 *(.init)
 .init          0x0000000000000000       0x9c build/start.o
                0x000000000000008c                esns_nop
                0x0000000000000094                hard_mul
 *(.text)
 .text          0x000000000000009c       0xd8 build/XodHwCoupeling.o
                0x000000000000009c                roundHWSW_reg
 .text          0x0000000000000174      0x4b0 build/Xoodyak.o
                0x0000000000000174                CreateEmptyXoodooState
                0x00000000000001ac                Xoodoo_VectorToState
                0x0000000000000204                Xoodoo_StateToVector
                0x000000000000025c                Xoodoo_xorStates
                0x0000000000000358                Xoodoo_Permute
                0x00000000000004b8                cyclist_initialise_hash
                0x00000000000004f4                cyclist_absorb
                0x0000000000000594                cyclist_squeeze
 .text          0x0000000000000624       0x24 build/firmware.o
                0x0000000000000624                memcpy
 .text          0x0000000000000648       0xe0 build/print.o
                0x0000000000000648                print_chr
                0x0000000000000654                print_str
                0x0000000000000670                print_dec
                0x00000000000006f0                print_hex
 .text          0x0000000000000728        0x0 build/start.o
 .text          0x0000000000000728       0xb4 /opt/riscv32/lib/gcc/riscv32-unknown-elf/11.1.0/libgcc.a(div.o)
                0x0000000000000728                __divsi3
                0x0000000000000730                __udivsi3
                0x0000000000000778                __umodsi3
                0x00000000000007ac                __modsi3
 *(*)
 .data          0x00000000000007dc        0x0 build/XodHwCoupeling.o
 .bss           0x00000000000007dc        0x0 build/XodHwCoupeling.o
 .comment       0x00000000000007dc       0x10 build/XodHwCoupeling.o
                                         0x11 (size before relaxing)
 .riscv.attributes
                0x00000000000007ec       0x1c build/XodHwCoupeling.o
 .data          0x0000000000000808        0x0 build/Xoodyak.o
 .bss           0x0000000000000808        0x0 build/Xoodyak.o
 .comment       0x0000000000000808       0x11 build/Xoodyak.o
 .riscv.attributes
                0x0000000000000808       0x1c build/Xoodyak.o
 .data          0x0000000000000824        0x0 build/firmware.o
 .bss           0x0000000000000824        0x0 build/firmware.o
 .text.startup  0x0000000000000824       0x50 build/firmware.o
                0x0000000000000824                main
 .comment       0x0000000000000874       0x11 build/firmware.o
 .riscv.attributes
                0x0000000000000874       0x1c build/firmware.o
 .data          0x0000000000000890        0x0 build/print.o
 .bss           0x0000000000000890        0x0 build/print.o
 .rodata.str1.4
                0x0000000000000890       0x11 build/print.o
 .comment       0x00000000000008a1       0x11 build/print.o
 .riscv.attributes
                0x00000000000008a1       0x1c build/print.o
 .data          0x00000000000008bd        0x0 build/start.o
 .bss           0x00000000000008bd        0x0 build/start.o
 .riscv.attributes
                0x00000000000008bd       0x1f build/start.o
 .data          0x00000000000008dc        0x0 /opt/riscv32/lib/gcc/riscv32-unknown-elf/11.1.0/libgcc.a(div.o)
 .bss           0x00000000000008dc        0x0 /opt/riscv32/lib/gcc/riscv32-unknown-elf/11.1.0/libgcc.a(div.o)
 .riscv.attributes
                0x00000000000008dc       0x1f /opt/riscv32/lib/gcc/riscv32-unknown-elf/11.1.0/libgcc.a(div.o)
                0x00000000000008fc                . = ALIGN (0x4)
 *fill*         0x00000000000008fb        0x1 
                0x00000000000008fc                end = .
LOAD /opt/riscv32/lib/gcc/riscv32-unknown-elf/11.1.0/libgcc.a
OUTPUT(firmware.elf elf32-littleriscv)
