Archive member included to satisfy reference by file (symbol)

/opt/riscv32/lib/gcc/riscv32-unknown-elf/11.1.0/libgcc.a(div.o)
                              build/print.o (__udivsi3)

Discarded input sections

 .debug_line    0x0000000000000000      0x153 /opt/riscv32/lib/gcc/riscv32-unknown-elf/11.1.0/libgcc.a(div.o)
 .debug_line_str
                0x0000000000000000       0x60 /opt/riscv32/lib/gcc/riscv32-unknown-elf/11.1.0/libgcc.a(div.o)
 .debug_info    0x0000000000000000       0x25 /opt/riscv32/lib/gcc/riscv32-unknown-elf/11.1.0/libgcc.a(div.o)
 .debug_abbrev  0x0000000000000000       0x14 /opt/riscv32/lib/gcc/riscv32-unknown-elf/11.1.0/libgcc.a(div.o)
 .debug_aranges
                0x0000000000000000       0x20 /opt/riscv32/lib/gcc/riscv32-unknown-elf/11.1.0/libgcc.a(div.o)
 .debug_str     0x0000000000000000       0x7b /opt/riscv32/lib/gcc/riscv32-unknown-elf/11.1.0/libgcc.a(div.o)

Memory Configuration

Name             Origin             Length             Attributes
*default*        0x0000000000000000 0xffffffffffffffff

Linker script and memory map

LOAD build/print.o
LOAD build/XodHwCoupeling.o
LOAD build/Xoodyak.o
LOAD build/firmware.o
LOAD build/start.o

.memory         0x0000000000000000      0x904
                0x0000000000000000                . = 0x0
 *(.init)
 .init          0x0000000000000000       0x9c build/start.o
                0x000000000000008c                esns_nop
                0x0000000000000094                hard_mul
 *(.text)
 .text          0x000000000000009c       0xdc build/print.o
                0x000000000000009c                print_chr
                0x00000000000000a8                print_str
                0x00000000000000c4                print_dec
                0x0000000000000144                print_hex
 .text          0x0000000000000178       0x68 build/XodHwCoupeling.o
                0x0000000000000178                roundHWSW_reg
 .text          0x00000000000001e0      0x4bc build/Xoodyak.o
                0x00000000000001e0                CreateEmptyXoodooState
                0x0000000000000218                Xoodoo_VectorToState
                0x0000000000000270                Xoodoo_StateToVector
                0x00000000000002c8                Xoodoo_xorStates
                0x00000000000003c4                Xoodoo_Permute
                0x0000000000000530                cyclist_initialise_hash
                0x000000000000056c                cyclist_absorb
                0x000000000000060c                cyclist_squeeze
 .text          0x000000000000069c       0x24 build/firmware.o
                0x000000000000069c                memcpy
 .text          0x00000000000006c0        0x0 build/start.o
 .text          0x00000000000006c0       0xb4 /opt/riscv32/lib/gcc/riscv32-unknown-elf/11.1.0/libgcc.a(div.o)
                0x00000000000006c0                __divsi3
                0x00000000000006c8                __udivsi3
                0x0000000000000710                __umodsi3
                0x0000000000000744                __modsi3
 *(*)
 .data          0x0000000000000774        0x0 build/print.o
 .bss           0x0000000000000774        0x0 build/print.o
 .rodata.str1.4
                0x0000000000000774       0x11 build/print.o
 .comment       0x0000000000000785       0x1b build/print.o
                                         0x1c (size before relaxing)
 .riscv.attributes
                0x00000000000007a0       0x1c build/print.o
 .data          0x00000000000007bc        0x0 build/XodHwCoupeling.o
 .bss           0x00000000000007bc        0x0 build/XodHwCoupeling.o
 .comment       0x00000000000007bc       0x1c build/XodHwCoupeling.o
 .riscv.attributes
                0x00000000000007bc       0x1c build/XodHwCoupeling.o
 .data          0x00000000000007d8        0x0 build/Xoodyak.o
 .bss           0x00000000000007d8        0x0 build/Xoodyak.o
 .comment       0x00000000000007d8       0x1c build/Xoodyak.o
 .riscv.attributes
                0x00000000000007d8       0x1c build/Xoodyak.o
 .data          0x00000000000007f4        0x0 build/firmware.o
 .bss           0x00000000000007f4        0x0 build/firmware.o
 .rodata.str1.4
                0x00000000000007f4        0xe build/firmware.o
 *fill*         0x0000000000000802        0x2 
 .text.startup  0x0000000000000804       0xa4 build/firmware.o
                0x0000000000000804                main
 .comment       0x00000000000008a8       0x1c build/firmware.o
 .riscv.attributes
                0x00000000000008a8       0x1c build/firmware.o
 .data          0x00000000000008c4        0x0 build/start.o
 .bss           0x00000000000008c4        0x0 build/start.o
 .riscv.attributes
                0x00000000000008c4       0x1f build/start.o
 .data          0x00000000000008e3        0x0 /opt/riscv32/lib/gcc/riscv32-unknown-elf/11.1.0/libgcc.a(div.o)
 .bss           0x00000000000008e3        0x0 /opt/riscv32/lib/gcc/riscv32-unknown-elf/11.1.0/libgcc.a(div.o)
 .riscv.attributes
                0x00000000000008e3       0x1f /opt/riscv32/lib/gcc/riscv32-unknown-elf/11.1.0/libgcc.a(div.o)
                0x0000000000000904                . = ALIGN (0x4)
 *fill*         0x0000000000000902        0x2 
                0x0000000000000904                end = .
LOAD /opt/riscv32/lib/gcc/riscv32-unknown-elf/11.1.0/libgcc.a
OUTPUT(firmware.elf elf32-littleriscv)
