Archive member included to satisfy reference by file (symbol)

/opt/riscv32/lib/gcc/riscv32-unknown-elf/11.1.0/libgcc.a(div.o)
                              build/print.o (__udivsi3)

Discarded input sections

 .debug_line    0x0000000000000000      0x153 /opt/riscv32/lib/gcc/riscv32-unknown-elf/11.1.0/libgcc.a(div.o)
 .debug_line_str
                0x0000000000000000       0x9d /opt/riscv32/lib/gcc/riscv32-unknown-elf/11.1.0/libgcc.a(div.o)
 .debug_info    0x0000000000000000       0x25 /opt/riscv32/lib/gcc/riscv32-unknown-elf/11.1.0/libgcc.a(div.o)
 .debug_abbrev  0x0000000000000000       0x14 /opt/riscv32/lib/gcc/riscv32-unknown-elf/11.1.0/libgcc.a(div.o)
 .debug_aranges
                0x0000000000000000       0x20 /opt/riscv32/lib/gcc/riscv32-unknown-elf/11.1.0/libgcc.a(div.o)
 .debug_str     0x0000000000000000       0xa3 /opt/riscv32/lib/gcc/riscv32-unknown-elf/11.1.0/libgcc.a(div.o)

Memory Configuration

Name             Origin             Length             Attributes
*default*        0x0000000000000000 0xffffffffffffffff

Linker script and memory map

LOAD build/XodHwCoupeling.o
LOAD build/Xoodyak.o
LOAD build/firmware.o
LOAD build/print.o
LOAD build/start.o

.memory         0x0000000000000000      0x894
                0x0000000000000000                . = 0x0
 *(.init)
 .init          0x0000000000000000       0x9c build/start.o
                0x000000000000008c                esns_nop
                0x0000000000000094                hard_mul
 *(.text)
 .text          0x000000000000009c       0x70 build/XodHwCoupeling.o
                0x000000000000009c                roundHWSW_reg
 .text          0x000000000000010c      0x4b0 build/Xoodyak.o
                0x000000000000010c                CreateEmptyXoodooState
                0x0000000000000144                Xoodoo_VectorToState
                0x000000000000019c                Xoodoo_StateToVector
                0x00000000000001f4                Xoodoo_xorStates
                0x00000000000002f0                Xoodoo_Permute
                0x0000000000000450                cyclist_initialise_hash
                0x000000000000048c                cyclist_absorb
                0x000000000000052c                cyclist_squeeze
 .text          0x00000000000005bc       0x24 build/firmware.o
                0x00000000000005bc                memcpy
 .text          0x00000000000005e0       0xe0 build/print.o
                0x00000000000005e0                print_chr
                0x00000000000005ec                print_str
                0x0000000000000608                print_dec
                0x0000000000000688                print_hex
 .text          0x00000000000006c0        0x0 build/start.o
 .text          0x00000000000006c0       0xb4 /opt/riscv32/lib/gcc/riscv32-unknown-elf/11.1.0/libgcc.a(div.o)
                0x00000000000006c0                __divsi3
                0x00000000000006c8                __udivsi3
                0x0000000000000710                __umodsi3
                0x0000000000000744                __modsi3
 *(*)
 .data          0x0000000000000774        0x0 build/XodHwCoupeling.o
 .bss           0x0000000000000774        0x0 build/XodHwCoupeling.o
 .comment       0x0000000000000774       0x10 build/XodHwCoupeling.o
                                         0x11 (size before relaxing)
 .riscv.attributes
                0x0000000000000784       0x1c build/XodHwCoupeling.o
 .data          0x00000000000007a0        0x0 build/Xoodyak.o
 .bss           0x00000000000007a0        0x0 build/Xoodyak.o
 .comment       0x00000000000007a0       0x11 build/Xoodyak.o
 .riscv.attributes
                0x00000000000007a0       0x1c build/Xoodyak.o
 .data          0x00000000000007bc        0x0 build/firmware.o
 .bss           0x00000000000007bc        0x0 build/firmware.o
 .text.startup  0x00000000000007bc       0x50 build/firmware.o
                0x00000000000007bc                main
 .comment       0x000000000000080c       0x11 build/firmware.o
 .riscv.attributes
                0x000000000000080c       0x1c build/firmware.o
 .data          0x0000000000000828        0x0 build/print.o
 .bss           0x0000000000000828        0x0 build/print.o
 .rodata.str1.4
                0x0000000000000828       0x11 build/print.o
 .comment       0x0000000000000839       0x11 build/print.o
 .riscv.attributes
                0x0000000000000839       0x1c build/print.o
 .data          0x0000000000000855        0x0 build/start.o
 .bss           0x0000000000000855        0x0 build/start.o
 .riscv.attributes
                0x0000000000000855       0x1f build/start.o
 .data          0x0000000000000874        0x0 /opt/riscv32/lib/gcc/riscv32-unknown-elf/11.1.0/libgcc.a(div.o)
 .bss           0x0000000000000874        0x0 /opt/riscv32/lib/gcc/riscv32-unknown-elf/11.1.0/libgcc.a(div.o)
 .riscv.attributes
                0x0000000000000874       0x1f /opt/riscv32/lib/gcc/riscv32-unknown-elf/11.1.0/libgcc.a(div.o)
                0x0000000000000894                . = ALIGN (0x4)
 *fill*         0x0000000000000893        0x1 
                0x0000000000000894                end = .
LOAD /opt/riscv32/lib/gcc/riscv32-unknown-elf/11.1.0/libgcc.a
OUTPUT(firmware.elf elf32-littleriscv)
