Archive member included to satisfy reference by file (symbol)

/opt/riscv32/lib/gcc/riscv32-unknown-elf/11.1.0/libgcc.a(div.o)
                              build/print.o (__udivsi3)

Discarded input sections

 .debug_line    0x0000000000000000      0x153 /opt/riscv32/lib/gcc/riscv32-unknown-elf/11.1.0/libgcc.a(div.o)
 .debug_line_str
                0x0000000000000000       0x9d /opt/riscv32/lib/gcc/riscv32-unknown-elf/11.1.0/libgcc.a(div.o)
 .debug_info    0x0000000000000000       0x25 /opt/riscv32/lib/gcc/riscv32-unknown-elf/11.1.0/libgcc.a(div.o)
 .debug_abbrev  0x0000000000000000       0x14 /opt/riscv32/lib/gcc/riscv32-unknown-elf/11.1.0/libgcc.a(div.o)
 .debug_aranges
                0x0000000000000000       0x20 /opt/riscv32/lib/gcc/riscv32-unknown-elf/11.1.0/libgcc.a(div.o)
 .debug_str     0x0000000000000000       0xa3 /opt/riscv32/lib/gcc/riscv32-unknown-elf/11.1.0/libgcc.a(div.o)

Memory Configuration

Name             Origin             Length             Attributes
*default*        0x0000000000000000 0xffffffffffffffff

Linker script and memory map

LOAD build/XodHwCoupeling.o
LOAD build/Xoodyak.o
LOAD build/firmware.o
LOAD build/print.o
LOAD build/start.o

.memory         0x0000000000000000      0xc04
                0x0000000000000000                . = 0x0
 *(.init)
 .init          0x0000000000000000       0x9c build/start.o
                0x000000000000008c                esns_nop
                0x0000000000000094                hard_mul
 *(.text)
 .text          0x000000000000009c       0x70 build/XodHwCoupeling.o
                0x000000000000009c                roundHWSW_reg
 .text          0x000000000000010c      0x7f4 build/Xoodyak.o
                0x000000000000010c                CreateEmptyXoodooState
                0x0000000000000144                Xoodoo_VectorToState
                0x000000000000019c                Xoodoo_StateToVector
                0x00000000000001f4                Xoodoo_xorStates
                0x00000000000002f0                Xoodoo_Permute
                0x0000000000000794                cyclist_initialise_hash
                0x00000000000007d0                cyclist_absorb
                0x0000000000000870                cyclist_squeeze
 .text          0x0000000000000900       0x24 build/firmware.o
                0x0000000000000900                memcpy
 .text          0x0000000000000924       0xe0 build/print.o
                0x0000000000000924                print_chr
                0x0000000000000930                print_str
                0x000000000000094c                print_dec
                0x00000000000009cc                print_hex
 .text          0x0000000000000a04        0x0 build/start.o
 .text          0x0000000000000a04       0xb4 /opt/riscv32/lib/gcc/riscv32-unknown-elf/11.1.0/libgcc.a(div.o)
                0x0000000000000a04                __divsi3
                0x0000000000000a0c                __udivsi3
                0x0000000000000a54                __umodsi3
                0x0000000000000a88                __modsi3
 *(*)
 .data          0x0000000000000ab8        0x0 build/XodHwCoupeling.o
 .bss           0x0000000000000ab8        0x0 build/XodHwCoupeling.o
 .comment       0x0000000000000ab8       0x10 build/XodHwCoupeling.o
                                         0x11 (size before relaxing)
 .riscv.attributes
                0x0000000000000ac8       0x1c build/XodHwCoupeling.o
 .data          0x0000000000000ae4        0x0 build/Xoodyak.o
 .bss           0x0000000000000ae4        0x0 build/Xoodyak.o
 .rodata.str1.4
                0x0000000000000ae4        0x4 build/Xoodyak.o
 .rodata        0x0000000000000ae8       0x30 build/Xoodyak.o
 .comment       0x0000000000000b18       0x11 build/Xoodyak.o
 .riscv.attributes
                0x0000000000000b18       0x1c build/Xoodyak.o
 .data          0x0000000000000b34        0x0 build/firmware.o
 .bss           0x0000000000000b34        0x0 build/firmware.o
 .text.startup  0x0000000000000b34       0x48 build/firmware.o
                0x0000000000000b34                main
 .comment       0x0000000000000b7c       0x11 build/firmware.o
 .riscv.attributes
                0x0000000000000b7c       0x1c build/firmware.o
 .data          0x0000000000000b98        0x0 build/print.o
 .bss           0x0000000000000b98        0x0 build/print.o
 .rodata.str1.4
                0x0000000000000b98       0x11 build/print.o
 .comment       0x0000000000000ba9       0x11 build/print.o
 .riscv.attributes
                0x0000000000000ba9       0x1c build/print.o
 .data          0x0000000000000bc5        0x0 build/start.o
 .bss           0x0000000000000bc5        0x0 build/start.o
 .riscv.attributes
                0x0000000000000bc5       0x1f build/start.o
 .data          0x0000000000000be4        0x0 /opt/riscv32/lib/gcc/riscv32-unknown-elf/11.1.0/libgcc.a(div.o)
 .bss           0x0000000000000be4        0x0 /opt/riscv32/lib/gcc/riscv32-unknown-elf/11.1.0/libgcc.a(div.o)
 .riscv.attributes
                0x0000000000000be4       0x1f /opt/riscv32/lib/gcc/riscv32-unknown-elf/11.1.0/libgcc.a(div.o)
                0x0000000000000c04                . = ALIGN (0x4)
 *fill*         0x0000000000000c03        0x1 
                0x0000000000000c04                end = .
LOAD /opt/riscv32/lib/gcc/riscv32-unknown-elf/11.1.0/libgcc.a
OUTPUT(firmware.elf elf32-littleriscv)
