Archive member included to satisfy reference by file (symbol)

/opt/riscv32/lib/gcc/riscv32-unknown-elf/11.1.0/libgcc.a(div.o)
                              build/print.o (__udivsi3)

Discarded input sections

 .debug_line    0x0000000000000000      0x153 /opt/riscv32/lib/gcc/riscv32-unknown-elf/11.1.0/libgcc.a(div.o)
 .debug_line_str
                0x0000000000000000       0x60 /opt/riscv32/lib/gcc/riscv32-unknown-elf/11.1.0/libgcc.a(div.o)
 .debug_info    0x0000000000000000       0x25 /opt/riscv32/lib/gcc/riscv32-unknown-elf/11.1.0/libgcc.a(div.o)
 .debug_abbrev  0x0000000000000000       0x14 /opt/riscv32/lib/gcc/riscv32-unknown-elf/11.1.0/libgcc.a(div.o)
 .debug_aranges
                0x0000000000000000       0x20 /opt/riscv32/lib/gcc/riscv32-unknown-elf/11.1.0/libgcc.a(div.o)
 .debug_str     0x0000000000000000       0x7b /opt/riscv32/lib/gcc/riscv32-unknown-elf/11.1.0/libgcc.a(div.o)

Memory Configuration

Name             Origin             Length             Attributes
*default*        0x0000000000000000 0xffffffffffffffff

Linker script and memory map

LOAD build/print.o
LOAD build/firmware.o
LOAD build/start.o

.memory         0x0000000000000000      0x358
                0x0000000000000000                . = 0x0
 *(.init)
 .init          0x0000000000000000       0x94 build/start.o
                0x000000000000008c                hwswcd_hd
 *(.text)
 .text          0x0000000000000094       0xdc build/print.o
                0x0000000000000094                print_chr
                0x00000000000000a0                print_str
                0x00000000000000bc                print_dec
                0x000000000000013c                print_hex
 .text          0x0000000000000170        0x0 build/firmware.o
 .text          0x0000000000000170        0x0 build/start.o
 .text          0x0000000000000170       0xb4 /opt/riscv32/lib/gcc/riscv32-unknown-elf/11.1.0/libgcc.a(div.o)
                0x0000000000000170                __divsi3
                0x0000000000000178                __udivsi3
                0x00000000000001c0                __umodsi3
                0x00000000000001f4                __modsi3
 *(*)
 .data          0x0000000000000224        0x0 build/print.o
 .bss           0x0000000000000224        0x0 build/print.o
 .rodata.str1.4
                0x0000000000000224       0x11 build/print.o
 .comment       0x0000000000000235       0x1b build/print.o
                                         0x1c (size before relaxing)
 .riscv.attributes
                0x0000000000000250       0x1c build/print.o
 .data          0x000000000000026c        0x0 build/firmware.o
 .bss           0x000000000000026c        0x0 build/firmware.o
 .rodata.str1.4
                0x000000000000026c       0x16 build/firmware.o
 *fill*         0x0000000000000282        0x2 
 .text.startup  0x0000000000000284       0x74 build/firmware.o
                0x0000000000000284                main
 .comment       0x00000000000002f8       0x1c build/firmware.o
 .riscv.attributes
                0x00000000000002f8       0x21 build/firmware.o
 .data          0x0000000000000319        0x0 build/start.o
 .bss           0x0000000000000319        0x0 build/start.o
 .riscv.attributes
                0x0000000000000319       0x1f build/start.o
 .data          0x0000000000000338        0x0 /opt/riscv32/lib/gcc/riscv32-unknown-elf/11.1.0/libgcc.a(div.o)
 .bss           0x0000000000000338        0x0 /opt/riscv32/lib/gcc/riscv32-unknown-elf/11.1.0/libgcc.a(div.o)
 .riscv.attributes
                0x0000000000000338       0x1f /opt/riscv32/lib/gcc/riscv32-unknown-elf/11.1.0/libgcc.a(div.o)
                0x0000000000000358                . = ALIGN (0x4)
 *fill*         0x0000000000000357        0x1 
                0x0000000000000358                end = .
LOAD /opt/riscv32/lib/gcc/riscv32-unknown-elf/11.1.0/libgcc.a
OUTPUT(firmware.elf elf32-littleriscv)
