Archive member included to satisfy reference by file (symbol)

/opt/riscv32/lib/gcc/riscv32-unknown-elf/11.1.0/libgcc.a(div.o)
                              build/print.o (__udivsi3)

Discarded input sections

 .debug_line    0x0000000000000000      0x153 /opt/riscv32/lib/gcc/riscv32-unknown-elf/11.1.0/libgcc.a(div.o)
 .debug_line_str
                0x0000000000000000       0x60 /opt/riscv32/lib/gcc/riscv32-unknown-elf/11.1.0/libgcc.a(div.o)
 .debug_info    0x0000000000000000       0x25 /opt/riscv32/lib/gcc/riscv32-unknown-elf/11.1.0/libgcc.a(div.o)
 .debug_abbrev  0x0000000000000000       0x14 /opt/riscv32/lib/gcc/riscv32-unknown-elf/11.1.0/libgcc.a(div.o)
 .debug_aranges
                0x0000000000000000       0x20 /opt/riscv32/lib/gcc/riscv32-unknown-elf/11.1.0/libgcc.a(div.o)
 .debug_str     0x0000000000000000       0x7b /opt/riscv32/lib/gcc/riscv32-unknown-elf/11.1.0/libgcc.a(div.o)

Memory Configuration

Name             Origin             Length             Attributes
*default*        0x0000000000000000 0xffffffffffffffff

Linker script and memory map

LOAD build/print.o
LOAD build/firmware.o
LOAD build/start.o

.memory         0x0000000000000000      0x32c
                0x0000000000000000                . = 0x0
 *(.init)
 .init          0x0000000000000000       0x9c build/start.o
                0x000000000000008c                esns_nop
                0x0000000000000094                hard_mul
 *(.text)
 .text          0x000000000000009c       0xdc build/print.o
                0x000000000000009c                print_chr
                0x00000000000000a8                print_str
                0x00000000000000c4                print_dec
                0x0000000000000144                print_hex
 .text          0x0000000000000178       0x10 build/firmware.o
                0x0000000000000178                sinus
 .text          0x0000000000000188        0x0 build/start.o
 .text          0x0000000000000188       0xb4 /opt/riscv32/lib/gcc/riscv32-unknown-elf/11.1.0/libgcc.a(div.o)
                0x0000000000000188                __divsi3
                0x0000000000000190                __udivsi3
                0x00000000000001d8                __umodsi3
                0x000000000000020c                __modsi3
 *(*)
 .data          0x000000000000023c        0x0 build/print.o
 .bss           0x000000000000023c        0x0 build/print.o
 .rodata.str1.4
                0x000000000000023c       0x11 build/print.o
 .comment       0x000000000000024d       0x1b build/print.o
                                         0x1c (size before relaxing)
 .riscv.attributes
                0x0000000000000268       0x1c build/print.o
 .data          0x0000000000000284        0x0 build/firmware.o
 .bss           0x0000000000000284        0x0 build/firmware.o
 .rodata.str1.4
                0x0000000000000284        0xd build/firmware.o
 *fill*         0x0000000000000291        0x3 
 .text.startup  0x0000000000000294       0x3c build/firmware.o
                0x0000000000000294                main
 .comment       0x00000000000002d0       0x1c build/firmware.o
 .riscv.attributes
                0x00000000000002d0       0x1c build/firmware.o
 .data          0x00000000000002ec        0x0 build/start.o
 .bss           0x00000000000002ec        0x0 build/start.o
 .riscv.attributes
                0x00000000000002ec       0x1f build/start.o
 .data          0x000000000000030b        0x0 /opt/riscv32/lib/gcc/riscv32-unknown-elf/11.1.0/libgcc.a(div.o)
 .bss           0x000000000000030b        0x0 /opt/riscv32/lib/gcc/riscv32-unknown-elf/11.1.0/libgcc.a(div.o)
 .riscv.attributes
                0x000000000000030b       0x1f /opt/riscv32/lib/gcc/riscv32-unknown-elf/11.1.0/libgcc.a(div.o)
                0x000000000000032c                . = ALIGN (0x4)
 *fill*         0x000000000000032a        0x2 
                0x000000000000032c                end = .
LOAD /opt/riscv32/lib/gcc/riscv32-unknown-elf/11.1.0/libgcc.a
OUTPUT(firmware.elf elf32-littleriscv)
